DELETE	/api/aoi/{id}
DELETE	/api/platform/grants/{id}
DELETE	/api/platform/memberships/{user_id}/{tenant_id}
DELETE	/api/rbac/policies/{id}
DELETE	/api/rbac/users/{id}
DELETE	/api/user/api-tokens/{provider}
GET	*
GET	/api/aoi
GET	/api/auth/apple
GET	/api/auth/apple/callback
GET	/api/auth/email/status
GET	/api/auth/events
GET	/api/auth/me
GET	/api/auth/oauth/config
GET	/api/auth/verify-email
GET	/api/billing/invoices
GET	/api/billing/me
GET	/api/billing/plans
GET	/api/config/claude
GET	/api/config/deepseek
GET	/api/config/gemini
GET	/api/config/graphhopper
GET	/api/config/mapbox
GET	/api/config/mapbox/public-token
GET	/api/config/openai
GET	/api/config/openrouteservice
GET	/api/config/openweathermap
GET	/api/config/sentinel
GET	/api/config/status
GET	/api/gateway/graphhopper/{*path}
GET	/api/gateway/mapbox/geocoding
GET	/api/gateway/mapbox/proxy
GET	/api/gateway/mapbox/public-token
GET	/api/gateway/openweathermap/{*path}
GET	/api/gateway/sentinel/credentials
GET	/api/gateway/status
GET	/api/geo/grounding/status
GET	/api/geo/locations
GET	/api/github/events
GET	/api/github/oauth/callback
GET	/api/github/oauth/start
GET	/api/github/repos
GET	/api/github/repos/{owner}/{repo}/issues
GET	/api/github/repos/{owner}/{repo}/pulls
GET	/api/github/status
GET	/api/google-3d-tiles-proxy
GET	/api/google-3d-tiles/root.json
GET	/api/governance/proposals
GET	/api/governance/proposals/pending-count
GET	/api/governance/proposals/{id}
GET	/api/mapbox-proxy
GET	/api/platform/config
GET	/api/platform/env-health
GET	/api/platform/grants
GET	/api/platform/health
GET	/api/platform/memberships
GET	/api/platform/memberships/{user_id}/{tenant_id}
GET	/api/platform/runtime
GET	/api/platform/tenants
GET	/api/platform/tenants/{id}
GET	/api/rbac/audit
GET	/api/rbac/invites
GET	/api/rbac/invites/preview
GET	/api/rbac/me
GET	/api/rbac/permissions/matrix
GET	/api/rbac/policies
GET	/api/rbac/policies/{id}
GET	/api/rbac/users
GET	/api/system/tokens
GET	/api/system/tokens/status
GET	/api/user/api-tokens
GET	/api/user/api-tokens/session
GET	/api/v1/account/profile-extra
GET	/api/weather/latest
GET	/health
PATCH	/api/platform/memberships/{user_id}/{tenant_id}
PATCH	/api/rbac/policies/{id}
PATCH	/api/rbac/users/{id}
PATCH	/api/system/tokens/{name}
POST	/api/ai/analyze
POST	/api/ai/chat
POST	/api/aoi
POST	/api/auth/apple/exchange
POST	/api/auth/change-password
POST	/api/auth/forgot-password
POST	/api/auth/forgot-username
POST	/api/auth/github/exchange
POST	/api/auth/google/exchange
POST	/api/auth/linkedin/exchange
POST	/api/auth/login
POST	/api/auth/logout
POST	/api/auth/logout-all
POST	/api/auth/oauth-upsert
POST	/api/auth/refresh
POST	/api/auth/register
POST	/api/auth/resend-verification
POST	/api/auth/reset-password
POST	/api/auth/send-verification-email
POST	/api/billing/activate
POST	/api/billing/bank-transfer
POST	/api/billing/confirm-payment
POST	/api/billing/create-checkout-session
POST	/api/billing/payment-intent
POST	/api/billing/start-trial
POST	/api/billing/webhook
POST	/api/gateway/claude/messages
POST	/api/gateway/deepseek/chat
POST	/api/gateway/gemini/generate-content
POST	/api/gateway/openai/chat
POST	/api/gateway/openrouteservice/{*path}
POST	/api/geo/grounding/invoke
POST	/api/geo/locations
POST	/api/github/disconnect
POST	/api/github/repos/{owner}/{repo}/issues
POST	/api/governance/proposals
POST	/api/governance/proposals/{id}/approve
POST	/api/governance/proposals/{id}/reject
POST	/api/log/client
POST	/api/platform/config/propose-update
POST	/api/platform/grants
POST	/api/platform/memberships
POST	/api/platform/tenants
POST	/api/platform/tenants/{id}/propose-update
POST	/api/rbac/invites
POST	/api/rbac/invites/accept
POST	/api/rbac/policies
POST	/api/rbac/policies/{id}/activate
POST	/api/rbac/users
POST	/api/rbac/users/{id}/approve
POST	/api/rbac/users/{id}/reactivate
POST	/api/rbac/users/{id}/suspend
POST	/api/system/tokens/migrate-from-vault
POST	/api/system/tokens/{name}/test
PUT	/api/system/tokens/{name}
PUT	/api/user/api-tokens/{provider}
PUT	/api/v1/account/profile-extra
